2026-01-27 10:30:03,561 - INFO - LOGIN SUCCESS: User 'Krisa Kurniawan' (TOP_MGMT) logged in.
2026-01-27 10:31:18,248 - INFO - SUCCESS: Opportunity 'Only for Testing Purposes - Please Dont Choose this Oppty!' created by Krisa Kurniawan
2026-01-28 10:47:44,762 - INFO - LOGIN SUCCESS: User 'Krisa Kurniawan' (TOP_MGMT) logged in.
2026-01-28 15:07:12,209 - INFO - LOGIN SUCCESS: User 'Krisa Kurniawan' (TOP_MGMT) logged in.
2026-01-28 15:08:25,061 - INFO - SUCCESS: Opportunity 'Only for Testing Purposes - Please Dont Choose this Oppty!' created by Krisa Kurniawan
2026-01-29 16:14:23,778 - INFO - LOGIN SUCCESS: User 'Krisa Kurniawan' (TOP_MGMT) logged in.
2026-01-29 16:22:16,324 - INFO - LOGOUT: User 'Krisa Kurniawan' logged out.
2026-01-29 16:24:06,320 - INFO - LOGIN SUCCESS: User 'Krisa Kurniawan' (TOP_MGMT) logged in.
2026-01-29 16:50:44,860 - INFO - SUCCESS: Opportunity 'Only for Testing Purposes - Please Dont Choose this Oppty!' created by Krisa Kurniawan
2026-01-30 13:41:48,806 - INFO - LOGIN SUCCESS: User 'Krisa Kurniawan' (TOP_MGMT) logged in.
2026-01-30 13:42:06,391 - INFO - LOGOUT: User 'Krisa Kurniawan' logged out.
2026-01-30 13:42:09,993 - WARNING - LOGIN FAILED: User 'Achmad Rivaldy'. Msg: Nama atau Password salah.
2026-01-30 13:42:18,831 - INFO - LOGIN SUCCESS: User 'Achmad Rivaldy' (ENT_1) logged in.
2026-01-30 13:42:33,270 - INFO - LOGOUT: User 'Achmad Rivaldy' logged out.
2026-01-30 13:42:46,560 - INFO - LOGIN SUCCESS: User 'Febryo Sulistyo' (ENT_1) logged in.
2026-02-03 13:36:07,575 - INFO - LOGIN SUCCESS: User 'Krisa Kurniawan' (TOP_MGMT) logged in.
2026-02-03 13:37:06,101 - INFO - LOGOUT: User 'Krisa Kurniawan' logged out.
2026-02-03 13:37:33,841 - WARNING - LOGIN FAILED: User 'Wanda Yulansa'. Msg: Nama atau Password salah.
2026-02-03 13:37:44,791 - INFO - LOGIN SUCCESS: User 'Wanda Yulansa' (2ND_TIER) logged in.
2026-02-03 13:38:27,730 - INFO - LOGOUT: User 'Wanda Yulansa' logged out.
2026-02-03 13:39:29,281 - INFO - LOGIN SUCCESS: User 'Krisa Kurniawan' (TOP_MGMT) logged in.
2026-02-03 13:45:08,174 - INFO - LOGOUT: User 'Krisa Kurniawan' logged out.
2026-02-03 13:45:40,408 - INFO - LOGIN SUCCESS: User 'Zulham Kurniawan' (ENT_2) logged in.
2026-02-03 14:11:52,848 - INFO - LOGOUT: User 'Zulham Kurniawan' logged out.
2026-02-03 14:11:59,898 - INFO - LOGIN SUCCESS: User 'Krisa Kurniawan' (TOP_MGMT) logged in.
2026-02-03 14:14:24,578 - INFO - LOGOUT: User 'Krisa Kurniawan' logged out.
2026-02-03 14:14:40,709 - INFO - LOGIN SUCCESS: User 'Krisa Kurniawan' (TOP_MGMT) logged in.
2026-02-03 15:35:54,970 - INFO - LOGIN SUCCESS: User 'Krisa Kurniawan' (TOP_MGMT) logged in.
2026-02-09 10:58:24,521 - INFO - LOGIN SUCCESS: User 'Krisa Kurniawan' (TOP_MGMT) logged in.
2026-02-09 14:48:45,002 - INFO - LOGIN SUCCESS: User 'Krisa Kurniawan' (TOP_MGMT) logged in.
2026-02-09 15:09:59,085 - INFO - LOGIN SUCCESS: User 'Krisa Kurniawan' (TOP_MGMT) logged in.
2026-02-18 13:37:14,840 - INFO - LOGIN SUCCESS: User 'Krisa Kurniawan' (TOP_MGMT) logged in.
2026-02-24 09:24:01,763 - INFO - LOGIN SUCCESS: User 'Febryo Sulistyo' (ENT_1) logged in.
2026-02-24 09:32:45,905 - INFO - LOGOUT: User 'Febryo Sulistyo' logged out.
2026-02-24 09:33:00,359 - INFO - LOGIN SUCCESS: User 'Jibril Archam' (ENT_2) logged in.
2026-02-24 10:23:31,717 - WARNING - LOGIN FAILED: User 'Achmad Rivaldy'. Msg: Nama atau Password salah.
2026-02-24 10:23:37,702 - WARNING - LOGIN FAILED: User 'Krisa Kurniawan'. Msg: Nama atau Password salah.
2026-02-24 10:23:40,162 - WARNING - LOGIN FAILED: User 'Krisa Kurniawan'. Msg: Nama atau Password salah.
2026-02-24 11:34:29,682 - INFO - LOGIN SUCCESS: User 'Krisa Kurniawan' (TOP_MGMT) logged in.
2026-02-25 10:30:25,953 - INFO - LOGIN SUCCESS: User 'Krisa Kurniawan' (TOP_MGMT) logged in.
2026-02-25 10:57:41,163 - INFO - LOGIN SUCCESS: User 'Krisa Kurniawan' (TOP_MGMT) logged in.
2026-02-25 13:38:19,336 - INFO - LOGIN SUCCESS: User 'Krisa Kurniawan' (TOP_MGMT) logged in.
2026-03-02 14:00:40,828 - INFO - LOGIN SUCCESS: User 'Otto Erdianthoko' (DC_TEAM) logged in.
2026-03-02 15:54:29,357 - INFO - LOGIN SUCCESS: User 'Otto Erdianthoko' (DC_TEAM) logged in.
2026-03-02 16:53:37,525 - INFO - LOGIN SUCCESS: User 'Otto Erdianthoko' (DC_TEAM) logged in.
2026-03-02 16:56:19,780 - INFO - SUCCESS: Opportunity 'Only for Testing Purposes - Please Dont Choose this Oppty!' created by Beni Septian
2026-03-03 10:38:20,581 - INFO - LOGIN SUCCESS: User 'Dimas Prayogo' (IOH_XL) logged in.
2026-03-03 10:39:48,124 - INFO - LOGOUT: User 'Dimas Prayogo' logged out.
2026-03-03 10:42:46,898 - INFO - LOGIN SUCCESS: User 'Dimas Prayogo' (IOH_XL) logged in.
2026-03-03 10:44:16,633 - INFO - LOGIN SUCCESS: User 'Dimas Prayogo' (IOH_XL) logged in.
2026-03-03 10:47:17,501 - INFO - LOGIN SUCCESS: User 'Dimas Prayogo' (IOH_XL) logged in.
2026-03-03 10:49:26,688 - INFO - LOGIN SUCCESS: User 'Dimas Prayogo' (IOH_XL) logged in.
2026-03-03 10:53:11,999 - INFO - LOGIN SUCCESS: User 'Dimas Prayogo' (IOH_XL) logged in.
2026-03-03 12:05:24,893 - WARNING - LOGIN FAILED: User 'Krisa Kurniawan'. Msg: Nama atau Password salah.
2026-03-03 12:05:29,200 - INFO - LOGIN SUCCESS: User 'Krisa Kurniawan' (TOP_MGMT) logged in.
2026-03-03 12:10:57,212 - INFO - LOGIN SUCCESS: User 'Krisa Kurniawan' (TOP_MGMT) logged in.
2026-03-03 12:12:50,287 - INFO - LOGIN SUCCESS: User 'Krisa Kurniawan' (TOP_MGMT) logged in.
2026-03-03 12:17:00,388 - INFO - LOGIN SUCCESS: User 'Krisa Kurniawan' (TOP_MGMT) logged in.
2026-03-05 14:13:56,419 - INFO - LOGIN SUCCESS: User 'Krisa Kurniawan' (TOP_MGMT) logged in.
2026-03-05 14:16:41,657 - INFO - SUCCESS: Opportunity 'only for testing' created by Krisa Kurniawan
2026-03-11 10:21:53,380 - INFO - LOGIN SUCCESS: User 'Krisa Kurniawan' (TOP_MGMT) logged in.
2026-03-11 10:22:55,759 - INFO - SUCCESS: Opportunity 'only for testing' created by Krisa Kurniawan
2026-04-01 10:41:33,197 - INFO - LOGIN SUCCESS: User 'Krisa Kurniawan' (TOP_MGMT) logged in.
2026-04-01 11:37:49,544 - INFO - LOGIN SUCCESS: User 'Krisa Kurniawan' (TOP_MGMT) logged in.
2026-04-01 13:48:25,935 - INFO - LOGIN SUCCESS: User 'Krisa Kurniawan' (TOP_MGMT) logged in.
2026-04-01 14:01:06,502 - INFO - LOGIN SUCCESS: User 'Krisa Kurniawan' (TOP_MGMT) logged in.
2026-04-01 14:02:53,609 - ERROR - CRITICAL ERROR in add_multi_line_opportunity: (psycopg2.errors.InvalidTextRepresentation) invalid input syntax for type numeric: "Not via distributor"
LINE 13:                         '6Com', NULL, 'Not via distributor',...
                                               ^

[SQL: 
                    INSERT INTO opportunities (
                        uid, opportunity_id, product_id, presales_name, salesgroup_id, sales_name, 
                        responsible_name, opportunity_name, start_date, company_name, 
                        vertical_industry, pillar, solution, service, 
                        pillar_product, solution_product, 
                        brand, channel, distributor_name, cost, notes, stage, route_to_market, created_at, updated_at
                    ) VALUES (
                        %(uid)s, %(oid)s, %(pid)s, %(pname)s, %(sgid)s, %(sname)s, 
                        %(pam)s, %(oname)s, %(sdate)s, %(cname)s, 
                        %(vi)s, %(plr)s, %(sol)s, %(svc)s, 
                        %(pp)s, %(sp)s, %(rtm)s,
                        %(br)s, %(ch)s, %(dist)s, %(cost)s, %(note)s, %(stage_val)s, %(now)s, %(now)s
                    )
                ]
[parameters: {'uid': 'ENT1Q10208-CS13S06CO-1775026973576025900', 'oid': 'ENT1Q10208', 'pid': 'CS13S06CO', 'pname': 'Krisa Kurniawan', 'sgid': 'ENT1', 'sname': 'Emirotun Nafisah', 'pam': 'Ade Frianche', 'oname': 'only for testing', 'sdate': '2026-04-01', 'cname': 'AAF International Indonesia', 'vi': 'Manufacture', 'plr': 'Cyber Security', 'sol': 'DDoS Protection', 'svc': 'No Service', 'pp': None, 'sp': None, 'rtm': 'Direct', 'br': '6Com', 'ch': None, 'dist': 'Not via distributor', 'cost': 0.0, 'note': '', 'stage_val': 'Open', 'now': datetime.datetime(2026, 4, 1, 14, 2, 53, 549195)}]
(Background on this error at: https://sqlalche.me/e/20/9h9h)
2026-04-01 14:06:17,697 - INFO - LOGIN SUCCESS: User 'Krisa Kurniawan' (TOP_MGMT) logged in.
2026-04-01 14:06:44,209 - INFO - LOGIN SUCCESS: User 'Krisa Kurniawan' (TOP_MGMT) logged in.
2026-04-01 14:07:23,846 - INFO - SUCCESS: Opportunity 'only for testing' created by Krisa Kurniawan
2026-04-01 14:12:38,019 - INFO - SUCCESS: Opportunity 'only for testing' created by Krisa Kurniawan
2026-04-06 10:42:41,319 - INFO - LOGIN SUCCESS: User 'Ade Frianche' (NET_SPEC) logged in.
2026-04-06 11:01:20,275 - INFO - LOGOUT: User 'Ade Frianche' logged out.
2026-04-06 11:01:30,444 - INFO - LOGIN SUCCESS: User 'Krisa Kurniawan' (TOP_MGMT) logged in.
2026-04-06 13:29:12,567 - INFO - LOGIN SUCCESS: User 'Krisa Kurniawan' (TOP_MGMT) logged in.
2026-04-06 13:32:35,400 - INFO - LOGIN SUCCESS: User 'Krisa Kurniawan' (TOP_MGMT) logged in.
2026-04-08 14:58:23,675 - INFO - LOGIN SUCCESS: User 'Krisa Kurniawan' (TOP_MGMT) logged in.
2026-04-16 10:40:54,117 - INFO - LOGIN SUCCESS: User 'Krisa Kurniawan' (TOP_MGMT) logged in.
2026-04-16 11:02:34,436 - WARNING - LOGIN FAILED: User 'Krisa Kurniawan'. Msg: Nama atau Password salah.
2026-04-16 11:02:40,587 - INFO - LOGIN SUCCESS: User 'Krisa Kurniawan' (TOP_MGMT) logged in.
2026-04-17 10:33:12,416 - INFO - LOGIN SUCCESS: User 'Krisa Kurniawan' (TOP_MGMT) logged in.
2026-04-17 10:36:17,805 - INFO - LOGIN SUCCESS: User 'Krisa Kurniawan' (TOP_MGMT) logged in.
2026-04-17 10:40:08,750 - INFO - LOGIN SUCCESS: User 'Krisa Kurniawan' (TOP_MGMT) logged in.
2026-04-17 10:53:58,117 - INFO - LOGIN SUCCESS: User 'Krisa Kurniawan' (TOP_MGMT) logged in.
2026-04-17 11:14:46,910 - INFO - LOGIN SUCCESS: User 'Krisa Kurniawan' (TOP_MGMT) logged in.
2026-04-17 11:35:23,830 - INFO - LOGIN SUCCESS: User 'Krisa Kurniawan' (TOP_MGMT) logged in.
2026-04-17 14:00:03,416 - INFO - LOGIN SUCCESS: User 'Krisa Kurniawan' (TOP_MGMT) logged in.
2026-04-20 10:17:33,388 - INFO - LOGIN SUCCESS: User 'Krisa Kurniawan' (TOP_MGMT) logged in.
2026-04-20 13:34:47,112 - INFO - LOGIN SUCCESS: User 'Krisa Kurniawan' (TOP_MGMT) logged in.
2026-04-20 13:39:37,747 - INFO - LOGIN SUCCESS: User 'Krisa Kurniawan' (TOP_MGMT) logged in.
2026-04-20 13:41:19,833 - INFO - LOGIN SUCCESS: User 'Krisa Kurniawan' (TOP_MGMT) logged in.
2026-04-20 13:43:56,834 - INFO - LOGIN SUCCESS: User 'Krisa Kurniawan' (TOP_MGMT) logged in.
2026-04-20 13:51:14,477 - INFO - SUCCESS: Opportunity '[Direct] AAF International Indonesia - Only for Testing Purpose - April 2026' created by Krisa Kurniawan
2026-04-20 13:51:16,810 - INFO - SUCCESS: Opportunity '[Direct] AAF International Indonesia - Only for Testing Purpose - April 2026' created by Krisa Kurniawan
2026-04-20 13:53:54,918 - INFO - LOGIN SUCCESS: User 'Krisa Kurniawan' (TOP_MGMT) logged in.
2026-04-20 13:56:30,805 - INFO - SUCCESS: Opportunity '[Telkom] Kementerian Sosial (Kemensos) - Only for Testing Purpose - April 2026' created by Krisa Kurniawan
2026-04-20 14:00:55,259 - WARNING - LOGIN FAILED: User 'Krisa Kurniawan'. Msg: Nama atau Password salah.
2026-04-20 14:01:01,970 - INFO - LOGIN SUCCESS: User 'Krisa Kurniawan' (TOP_MGMT) logged in.
2026-04-20 14:02:06,544 - INFO - LOGIN SUCCESS: User 'Krisa Kurniawan' (TOP_MGMT) logged in.
2026-04-20 14:15:16,103 - INFO - LOGIN SUCCESS: User 'Krisa Kurniawan' (TOP_MGMT) logged in.
2026-04-21 10:09:57,349 - INFO - LOGIN SUCCESS: User 'Krisa Kurniawan' (TOP_MGMT) logged in.
2026-04-21 10:11:55,267 - INFO - LOGIN SUCCESS: User 'Erlangga Wibowo' (MS_TEAM) logged in.
2026-04-21 10:53:14,329 - INFO - LOGIN SUCCESS: User 'Erlangga Wibowo' (MS_TEAM) logged in.
2026-04-21 14:04:45,689 - INFO - LOGIN SUCCESS: User 'Krisa Kurniawan' (TOP_MGMT) logged in.
2026-04-21 14:10:12,835 - INFO - LOGIN SUCCESS: User 'Krisa Kurniawan' (TOP_MGMT) logged in.
2026-04-30 14:08:35,768 - INFO - LOGIN SUCCESS: User 'Krisa Kurniawan' (TOP_MGMT) logged in.
2026-04-30 14:09:58,745 - INFO - SUCCESS: Opportunity '[Telkomsel] Kementerian Desa - Testing Only - April 2026' created by Krisa Kurniawan
2026-04-30 14:23:10,769 - INFO - LOGIN SUCCESS: User 'Krisa Kurniawan' (TOP_MGMT) logged in.
2026-05-04 14:20:59,211 - WARNING - LOGIN FAILED: User 'Krisa Kurniawan'. Msg: Nama atau Password salah.
2026-05-04 14:21:09,982 - INFO - LOGIN SUCCESS: User 'Krisa Kurniawan' (TOP_MGMT) logged in.
2026-05-04 14:36:07,225 - INFO - LOGIN SUCCESS: User 'Krisa Kurniawan' (TOP_MGMT) logged in.
2026-05-05 13:27:18,815 - INFO - LOGIN SUCCESS: User 'Krisa Kurniawan' (TOP_MGMT) logged in.
2026-05-05 13:29:20,738 - INFO - LOGOUT: User 'Krisa Kurniawan' logged out.
2026-05-05 13:29:32,338 - INFO - LOGIN SUCCESS: User 'Ridha Evitafany' (TOP_MGMT) logged in.
2026-05-05 13:32:15,734 - INFO - LOGOUT: User 'Ridha Evitafany' logged out.
2026-05-05 13:32:33,776 - INFO - LOGIN SUCCESS: User 'Zulham Kurniawan' (ENT_2) logged in.
2026-05-06 10:00:35,267 - INFO - LOGIN SUCCESS: User 'Krisa Kurniawan' (TOP_MGMT) logged in.
2026-05-06 10:08:35,082 - INFO - LOGIN SUCCESS: User 'Krisa Kurniawan' (TOP_MGMT) logged in.
2026-05-06 10:11:33,162 - INFO - LOGIN SUCCESS: User 'Krisa Kurniawan' (TOP_MGMT) logged in.
2026-05-06 10:18:59,962 - INFO - SUCCESS: Opportunity '[Direct] AAF International Indonesia - testing only - May 2026' created by Krisa Kurniawan
2026-05-06 10:23:41,672 - INFO - LOGOUT: User 'Krisa Kurniawan' logged out.
2026-05-06 10:24:13,723 - INFO - LOGIN SUCCESS: User 'Adhitya Reza Pratama' (ENT_2) logged in.
2026-05-06 10:24:19,789 - INFO - LOGOUT: User 'Adhitya Reza Pratama' logged out.
2026-05-06 10:24:57,051 - INFO - LOGIN SUCCESS: User 'Ridha Evitafany' (TOP_MGMT) logged in.
2026-05-06 14:41:51,273 - INFO - LOGIN SUCCESS: User 'Krisa Kurniawan' (TOP_MGMT) logged in.
2026-05-06 14:42:28,622 - INFO - SUCCESS: Opportunity '[Direct] AAF International Indonesia - testing only - May 2026' created by Krisa Kurniawan
2026-05-06 14:48:51,739 - INFO - LOGIN SUCCESS: User 'Krisa Kurniawan' (TOP_MGMT) logged in.
2026-05-06 14:53:36,910 - INFO - SUCCESS: Opportunity '[Direct] AAF International Indonesia - testing onlyyy - May 2026' created by Krisa Kurniawan
2026-05-07 09:23:28,525 - INFO - LOGIN SUCCESS: User 'Dwi Siswanto' (ENT_1) logged in.
2026-05-07 10:15:39,624 - INFO - LOGIN SUCCESS: User 'Krisa Kurniawan' (TOP_MGMT) logged in.
2026-05-15 14:24:33,479 - INFO - LOGIN SUCCESS: User 'Krisa Kurniawan' (TOP_MGMT) logged in.
2026-05-19 09:47:27,611 - INFO - LOGIN SUCCESS: User 'Krisa Kurniawan' (TOP_MGMT) logged in.
2026-05-19 10:19:44,045 - INFO - LOGIN SUCCESS: User 'Krisa Kurniawan' (TOP_MGMT) logged in.
2026-05-26 15:27:24,756 - INFO - LOGIN SUCCESS: User 'Krisa Kurniawan' (TOP_MGMT) logged in.
2026-05-26 15:44:47,501 - INFO - LOGIN SUCCESS: User 'Krisa Kurniawan' (TOP_MGMT) logged in.
2026-05-26 15:45:13,712 - INFO - LOGIN SUCCESS: User 'Krisa Kurniawan' (TOP_MGMT) logged in.
2026-06-12 12:20:13,791 - INFO - LOGIN SUCCESS: User 'Krisa Kurniawan' (TOP_MGMT) logged in.
2026-06-12 12:26:05,638 - INFO - LOGIN SUCCESS: User 'Krisa Kurniawan' (TOP_MGMT) logged in.
2026-06-15 14:12:30,471 - INFO - LOGIN SUCCESS: User 'Krisa Kurniawan' (TOP_MGMT) logged in.
2026-06-15 14:13:03,971 - INFO - LOGOUT: User 'Krisa Kurniawan' logged out.
2026-06-15 14:13:12,754 - INFO - LOGIN SUCCESS: User 'Kristanto Saputro' (ENT_1) logged in.
2026-07-01 11:50:32,096 - INFO - LOGIN SUCCESS: User 'Krisa Kurniawan' (TOP_MGMT) logged in.
2026-07-03 13:47:49,764 - INFO - LOGIN SUCCESS: User 'Krisa Kurniawan' (TOP_MGMT) logged in.
2026-07-05 14:49:00,041 - INFO - LOGIN SUCCESS: User 'Krisa Kurniawan' (TOP_MGMT) logged in.
2026-07-06 09:04:32,953 - INFO - LOGIN SUCCESS: User 'Krisa Kurniawan' (TOP_MGMT) logged in.
2026-07-06 10:10:28,725 - INFO - LOGIN SUCCESS: User 'Krisa Kurniawan' (TOP_MGMT) logged in.
2026-07-06 10:12:52,008 - INFO - LOGIN SUCCESS: User 'Krisa Kurniawan' (TOP_MGMT) logged in.
2026-07-06 13:10:24,158 - INFO - LOGIN SUCCESS: User 'Krisa Kurniawan' (TOP_MGMT) logged in.
2026-07-07 16:09:21,386 - INFO - LOGIN SUCCESS: User 'Krisa Kurniawan' (TOP_MGMT) logged in.
2026-07-08 09:05:55,526 - WARNING - LOGIN FAILED: User 'Krisa Kurniawan'. Msg: Nama atau Password salah.
2026-07-08 09:06:02,989 - INFO - LOGIN SUCCESS: User 'Krisa Kurniawan' (TOP_MGMT) logged in.
2026-07-13 15:50:23,147 - INFO - LOGIN SUCCESS: User 'Krisa Kurniawan' (TOP_MGMT) logged in.
2026-07-16 13:22:55,011 - WARNING - LOGIN FAILED: User 'Krisa Kurniawan'. Msg: Nama atau Password salah.
2026-07-16 13:22:56,690 - INFO - LOGIN SUCCESS: User 'Krisa Kurniawan' (TOP_MGMT) logged in.
2026-07-17 09:38:35,097 - INFO - LOGIN SUCCESS: User 'Krisa Kurniawan' (TOP_MGMT) logged in.
2026-07-17 09:44:22,487 - INFO - LOGIN SUCCESS: User 'Krisa Kurniawan' (TOP_MGMT) logged in.
2026-07-17 09:51:01,417 - INFO - LOGIN SUCCESS: User 'Krisa Kurniawan' (TOP_MGMT) logged in.
2026-07-17 10:04:45,641 - INFO - LOGIN SUCCESS: User 'Krisa Kurniawan' (TOP_MGMT) logged in.
2026-07-17 13:32:51,181 - INFO - LOGIN SUCCESS: User 'Krisa Kurniawan' (TOP_MGMT) logged in.
2026-07-22 09:02:39,011 - INFO - LOGIN SUCCESS: User 'Krisa Kurniawan' (TOP_MGMT) logged in.
2026-07-22 09:45:02,541 - INFO - LOGIN SUCCESS: User 'Krisa Kurniawan' (TOP_MGMT) logged in.
2026-07-22 09:47:23,185 - INFO - LOGIN SUCCESS: User 'Krisa Kurniawan' (TOP_MGMT) logged in.
2026-07-22 10:19:30,557 - INFO - LOGIN SUCCESS: User 'Krisa Kurniawan' (TOP_MGMT) logged in.
2026-07-22 11:45:38,697 - INFO - LOGIN SUCCESS: User 'Krisa Kurniawan' (TOP_MGMT) logged in.
2026-07-22 13:28:38,982 - INFO - LOGIN SUCCESS: User 'Krisa Kurniawan' (TOP_MGMT) logged in.
2026-07-22 13:30:47,967 - INFO - LOGIN SUCCESS: User 'Krisa Kurniawan' (TOP_MGMT) logged in.
2026-07-24 13:25:01,376 - INFO - LOGIN SUCCESS: User 'Krisa Kurniawan' (TOP_MGMT) logged in.
2026-07-24 13:29:07,061 - INFO - LOGIN SUCCESS: User 'Krisa Kurniawan' (TOP_MGMT) logged in.
2026-08-04 10:57:45,389 - INFO - LOGIN SUCCESS: User 'Krisa Kurniawan' (TOP_MGMT) logged in.
2026-08-04 11:09:18,775 - INFO - LOGIN SUCCESS: User 'Krisa Kurniawan' (TOP_MGMT) logged in.
2026-08-04 11:12:25,400 - INFO - LOGIN SUCCESS: User 'Krisa Kurniawan' (TOP_MGMT) logged in.
2026-08-04 11:16:36,880 - INFO - LOGIN SUCCESS: User 'Krisa Kurniawan' (TOP_MGMT) logged in.
2026-08-04 11:17:41,301 - INFO - LOGIN SUCCESS: User 'Krisa Kurniawan' (TOP_MGMT) logged in.
2026-08-04 11:20:45,070 - INFO - LOGIN SUCCESS: User 'Krisa Kurniawan' (TOP_MGMT) logged in.
